// Jest Snapshot v1, https://goo.gl/fbAQLP

exports[`<CartList /> should render the heading 1`] = `
<main
  class=""
>
  <h1>
    CartList
  </h1>
</main>
`;
